// Jest Snapshot v1, https://goo.gl/fbAQLP

exports[`renders homepage unchanged 1`] = `
<div>
  <h1
    class="demo"
  >
    Admin Panel
  </h1>
</div>
`;
