// Jest Snapshot v1, https://goo.gl/fbAQLP

exports[`renders bookPage unchanged 1`] = `
<div>
  <h1
    class="demo"
  >
    Book page
  </h1>
</div>
`;
